riyashanbhag@Riya:/mnt/c/Users/riysh/OneDrive/Desktop/ubuntu$ pwd
/mnt/c/Users/riysh/OneDrive/Desktop/ubuntu
riyashanbhag@Riya:/mnt/c/Users/riysh/OneDrive/Desktop/ubuntu$ cd lab1
riyashanbhag@Riya:/mnt/c/Users/riysh/OneDrive/Desktop/ubuntu/lab1$ cd..
cd..: command not found
riyashanbhag@Riya:/mnt/c/Users/riysh/OneDrive/Desktop/ubuntu/lab1$ cd ..
riyashanbhag@Riya:/mnt/c/Users/riysh/OneDrive/Desktop/ubuntu$ ls
lab1
riyashanbhag@Riya:/mnt/c/Users/riysh/OneDrive/Desktop/ubuntu$ touch file1.txt
riyashanbhag@Riya:/mnt/c/Users/riysh/OneDrive/Desktop/ubuntu$ cat file1.txt
hi I am riyariyashanbhag@Riya:/mnt/c/Users/riysh/OneDrive/Desktop/ubuntu$ ht
hi I am riya
hi I am riya
hi I am riya
hi I am riya
riyashanbhag@Riya:/mnt/c/Users/riysh/OneDrive/Desktop/ubuntu$ tail file1.txt
hi I am riya
hi I am riya
hi I am riya
hi I am riya
riyashanbhag@Riya:/mnt/c/Users/riysh/OneDrive/Desktop/ubuntu$ tail -n 3 file1.txt
hi I am riya
hi I am riya
hi I am riya
riyashanbhag@Riya:/mnt/c/Users/riysh/OneDrive/Desktop/ubuntu$ cd lab1
riyashanbhag@Riya:/mnt/c/Users/riysh/OneDrive/Desktop/ubuntu/lab1$ touch file2.txt
riyashanbhag@Riya:/mnt/c/Users/riysh/OneDrive/Desktop/ubuntu/lab1$ ls
file2.txt
riyashanbhag@Riya:/mnt/c/Users/riysh/OneDrive/Desktop/ubuntu/lab1$ cd ..
riyashanbhag@Riya:/mnt/c/Users/riysh/OneDrive/Desktop/ubuntu$ cp file1.txt /lab1/file2.txt
cp: cannot create regular file '/lab1/file2.txt': No such file or directory
riyashanbhag@Riya:/mnt/c/Users/riysh/OneDrive/Desktop/ubuntu$ cp file1.txt /
lab1
cp: cannot create regular file '/lab1': Permission denied
riyashanbhag@Riya:/mnt/c/Users/riysh/OneDrive/Desktop/ubuntu$ cp file1.txt lab1
riyashanbhag@Riya:/mnt/c/Users/riysh/OneDrive/Desktop/ubuntu$ cd lab1
riyashanbhag@Riya:/mnt/c/Users/riysh/OneDrive/Desktop/ubuntu/lab1$ rm file1.txt
riyashanbhag@Riya:/mnt/c/Users/riysh/OneDrive/Desktop/ubuntu/lab1$ cd ..
riyashanbhag@Riya:/mnt/c/Users/riysh/OneDrive/Desktop/ubuntu$ rmdir lab1
rmdir: failed to remove 'lab1': Directory not empty
riyashanbhag@Riya:/mnt/c/Users/riysh/OneDrive/Desktop/ubuntu$ 
